> Task :clean
> Task :compileJava
> Task :processResources
> Task :classes
> Task :resolveMainClassName
> Task :bootJar
> Task :jar
> Task :assemble
> Task :compileTestJava
> Task :processTestResources NO-SOURCE
> Task :testClasses

> Task :test

Halil57493ApplicationTests > contextLoads() FAILED
    java.lang.IllegalStateException at DefaultCacheAwareContextLoaderDelegate.java:180
        Caused by: org.springframework.beans.factory.BeanCreationException at AbstractAutowireCapableBeanFactory.java:1802
            Caused by: jakarta.persistence.PersistenceException at AbstractEntityManagerFactoryBean.java:431
                Caused by: org.hibernate.tool.schema.spi.SchemaManagementException at AbstractSchemaValidator.java:169
./gradlew : 
At line:1 char:1
+ ./gradlew clean build > build_error.log 2>&1
+ ~~~~~~~~~~~~~~~~~~~~~~~~~~~~~~~~~~~~~~~~~~~~
    + CategoryInfo          : NotSpecified: (:String) [], Re 
   moteException
    + FullyQualifiedErrorId : NativeCommandError
 
1 test completed, 1 failed

> Task :test FAILED

FAILURE: Build failed with an exception.

* What went wrong:
Execution failed for task ':test'.
> There were failing tests. See the report at: file:///C:/Use
rs/Halil/IdeaProjects/halil57493/build/reports/tests/test/ind
ex.html

* Try:
> Run with --scan to get full insights.

BUILD FAILED in 6s
8 actionable tasks: 8 executed
